// Jest Snapshot v1, https://goo.gl/fbAQLP

exports[`collection reducer should handle GET_CURRENCY snapshot 1`] = `
Object {
  "symbol": "â‚¬",
}
`;
